Errors:
Errors:
context deadline exceeded